<html>
<body>
<pre>
<h1>µVision Build Log</h1>
<h2>Tool Versions:</h2>
IDE-Version: ¦ÌVision V5.35.0.0
Copyright (C) 2021 ARM Ltd and ARM Germany GmbH. All rights reserved.
License Information: N lenovo, njy, LIC=YA39H-W1WXS-12DLE-53YWL-CYLS6-L8VQ2
 
Tool Versions:
Toolchain:       MDK-ARM Plus  Version: 5.35.0.2
Toolchain Path:  D:\Keil_v5\ARM\ARMCC\Bin
C Compiler:      Armcc.exe V5.06 update 7 (build 960)
Assembler:       Armasm.exe V5.06 update 7 (build 960)
Linker/Locator:  ArmLink.exe V5.06 update 7 (build 960)
Library Manager: ArmAr.exe V5.06 update 7 (build 960)
Hex Converter:   FromElf.exe V5.06 update 7 (build 960)
CPU DLL:         SARMCM3.DLL V5.35.0.2
Dialog DLL:      DCM.DLL V1.17.3.0
Target DLL:      STLink\ST-LINKIII-KEIL_SWO.dll V3.0.9.0
Dialog DLL:      TCM.DLL V1.53.0.0
 
<h2>Project:</h2>
D:\×ÀÃæ\ÉÚ±ø·Ö°å\Chassis_Board\MDK-ARM\standard_robot.uvprojx
Project File Date:  03/05/2022

<h2>Output:</h2>
*** Using Compiler 'V5.06 update 7 (build 960)', folder: 'D:\Keil_v5\ARM\ARMCC\Bin'
Rebuild target 'standard_robot'
assembling startup_stm32f407xx.s...
compiling dma.c...
compiling gpio.c...
compiling adc.c...
compiling rng.c...
compiling can.c...
compiling crc.c...
compiling rtc.c...
compiling usart.c...
compiling spi.c...
compiling usb_device.c...
compiling i2c.c...
compiling tim.c...
compiling freertos.c...
..\application\CAN_receive.h(129): warning:  #1295-D: Deprecated declaration get_chassis_motor_measure_point - give arg types
  extern const motor_measure_t *get_chassis_motor_measure_point();
..\application\gimbal_task.h(364): warning:  #1295-D: Deprecated declaration software_reset - give arg types
  extern void software_reset();
..\application\software_reset_task.h(33): warning:  #1-D: last line of file ends without a newline
  #endif
../Src/freertos.c: 3 warnings, 0 errors
compiling usbd_conf.c...
compiling main.c...
..\application\vision.h(146): warning:  #1295-D: Deprecated declaration vision_if_find_target - give arg types
  bool_t vision_if_find_target();
..\application\vision.h(150): warning:  #1-D: last line of file ends without a newline
  #endif
..\application\CAN_receive.h(129): warning:  #1295-D: Deprecated declaration get_chassis_motor_measure_point - give arg types
  extern const motor_measure_t *get_chassis_motor_measure_point();
..\application\gimbal_task.h(364): warning:  #1295-D: Deprecated declaration software_reset - give arg types
  extern void software_reset();
../Src/main.c(151): warning:  #223-D: function "vision_init" declared implicitly
      vision_init();
../Src/main.c: 5 warnings, 0 errors
compiling usbd_desc.c...
compiling usbd_cdc_if.c...
compiling stm32f4xx_hal_msp.c...
compiling system_stm32f4xx.c...
compiling bsp_adc.c...
compiling stm32f4xx_it.c...
../Src/stm32f4xx_it.c(174): warning:  #223-D: function "xPortSysTickHandler" declared implicitly
    xPortSysTickHandler();
../Src/stm32f4xx_it.c: 1 warning, 0 errors
compiling bsp_buzzer.c...
compiling bsp_can.c...
compiling bsp_crc32.c...
compiling bsp_flash.c...
compiling bsp_delay.c...
compiling bsp_fric.c...
compiling bsp_imu_pwm.c...
compiling bsp_i2c.c...
compiling bsp_led.c...
compiling bsp_laser.c...
compiling calibrate_task.c...
..\application\can_receive.h(129): warning:  #1295-D: Deprecated declaration get_chassis_motor_measure_point - give arg types
  extern const motor_measure_t *get_chassis_motor_measure_point();
..\application\gimbal_task.h(364): warning:  #1295-D: Deprecated declaration software_reset - give arg types
  extern void software_reset();
..\application\calibrate_task.c: 2 warnings, 0 errors
compiling detect_task.c...
compiling bsp_rc.c...
compiling bsp_rng.c...
compiling bsp_spi.c...
compiling bsp_servo_pwm.c...
compiling bsp_usart.c...
compiling gimbal_behaviour.c...
..\application\CAN_receive.h(129): warning:  #1295-D: Deprecated declaration get_chassis_motor_measure_point - give arg types
  extern const motor_measure_t *get_chassis_motor_measure_point();
..\application\gimbal_task.h(364): warning:  #1295-D: Deprecated declaration software_reset - give arg types
  extern void software_reset();
..\application\vision.h(146): warning:  #1295-D: Deprecated declaration vision_if_find_target - give arg types
  bool_t vision_if_find_target();
..\application\vision.h(150): warning:  #1-D: last line of file ends without a newline
  #endif
..\application\gimbal_behaviour.c(240): warning:  #177-D: function "gimbal_auto_control"  was declared but never referenced
  static void gimbal_auto_control(fp32 *yaw, fp32 *pitch, gimbal_control_t *gimbal_control_set);
..\application\gimbal_behaviour.c: 5 warnings, 0 errors
compiling chassis_behaviour.c...
..\application\CAN_receive.h(129): warning:  #1295-D: Deprecated declaration get_chassis_motor_measure_point - give arg types
  extern const motor_measure_t *get_chassis_motor_measure_point();
..\application\gimbal_task.h(364): warning:  #1295-D: Deprecated declaration software_reset - give arg types
  extern void software_reset();
..\application\chassis_behaviour.c(358): warning:  #1035-D: single-precision operand implicitly converted to double-precision
              *vy_set = CHASSIS_HIGH_SPEED;
..\application\chassis_behaviour.c(362): warning:  #1035-D: single-precision operand implicitly converted to double-precision
              *vy_set = CHASSIS_MID_SPEED;
..\application\chassis_behaviour.c: 4 warnings, 0 errors
compiling CAN_receive.c...
..\application\CAN_receive.h(129): warning:  #1295-D: Deprecated declaration get_chassis_motor_measure_point - give arg types
  extern const motor_measure_t *get_chassis_motor_measure_point();
..\application\CAN_receive.c(64): warning:  #177-D: variable "board_communicat_tx_message"  was declared but never referenced
  static CAN_TxHeaderTypeDef  board_communicat_tx_message;
..\application\CAN_receive.c(65): warning:  #177-D: variable "board_communicat_can_send_data"  was declared but never referenced
  static uint8_t              board_communicat_can_send_data[8];
..\application\CAN_receive.c: 3 warnings, 0 errors
compiling chassis_task.c...
..\application\CAN_receive.h(129): warning:  #1295-D: Deprecated declaration get_chassis_motor_measure_point - give arg types
  extern const motor_measure_t *get_chassis_motor_measure_point();
..\application\gimbal_task.h(364): warning:  #1295-D: Deprecated declaration software_reset - give arg types
  extern void software_reset();
..\application\chassis_task.c(159): warning:  #177-D: variable "i"  was declared but never referenced
      uint8_t i;
..\application\chassis_task.c: 3 warnings, 0 errors
compiling oled_task.c...
compiling gimbal_task.c...
..\application\CAN_receive.h(129): warning:  #1295-D: Deprecated declaration get_chassis_motor_measure_point - give arg types
  extern const motor_measure_t *get_chassis_motor_measure_point();
..\application\gimbal_task.h(364): warning:  #1295-D: Deprecated declaration software_reset - give arg types
  extern void software_reset();
..\application\vision.h(146): warning:  #1295-D: Deprecated declaration vision_if_find_target - give arg types
  bool_t vision_if_find_target();
..\application\vision.h(150): warning:  #1-D: last line of file ends without a newline
  #endif
..\application\gimbal_task.c(1051): warning:  #1-D: last line of file ends without a newline
  }
..\application\gimbal_task.c(221): warning:  #177-D: variable "shoot_can_set_current"  was declared but never referenced
  static int16_t yaw_can_set_current = 0, pitch_can_set_current = 0, shoot_can_set_current = 0;
..\application\gimbal_task.c: 6 warnings, 0 errors
compiling referee_control.c...
..\application\CAN_receive.h(129): warning:  #1295-D: Deprecated declaration get_chassis_motor_measure_point - give arg types
  extern const motor_measure_t *get_chassis_motor_measure_point();
..\application\gimbal_task.h(364): warning:  #1295-D: Deprecated declaration software_reset - give arg types
  extern void software_reset();
..\application\referee_control.c(61): warning:  #1035-D: single-precision operand implicitly converted to double-precision
  fp32 shoot_grigger_grade[6] = {0, 5.0f*GRIGGER_SPEED_TO_RADIO, 10.0f*GRIGGER_SPEED_TO_RADIO, 15.0f*GRIGGER_SPEED_TO_RADIO, 28.0f*GRIGGER_SPEED_TO_RADIO, 40.0f*GRIGGER_SPEED_TO_RADIO};
..\application\referee_control.c(61): warning:  #1035-D: single-precision operand implicitly converted to double-precision
  fp32 shoot_grigger_grade[6] = {0, 5.0f*GRIGGER_SPEED_TO_RADIO, 10.0f*GRIGGER_SPEED_TO_RADIO, 15.0f*GRIGGER_SPEED_TO_RADIO, 28.0f*GRIGGER_SPEED_TO_RADIO, 40.0f*GRIGGER_SPEED_TO_RADIO};
..\application\referee_control.c(61): warning:  #1035-D: single-precision operand implicitly converted to double-precision
  fp32 shoot_grigger_grade[6] = {0, 5.0f*GRIGGER_SPEED_TO_RADIO, 10.0f*GRIGGER_SPEED_TO_RADIO, 15.0f*GRIGGER_SPEED_TO_RADIO, 28.0f*GRIGGER_SPEED_TO_RADIO, 40.0f*GRIGGER_SPEED_TO_RADIO};
..\application\referee_control.c(61): warning:  #1035-D: single-precision operand implicitly converted to double-precision
  fp32 shoot_grigger_grade[6] = {0, 5.0f*GRIGGER_SPEED_TO_RADIO, 10.0f*GRIGGER_SPEED_TO_RADIO, 15.0f*GRIGGER_SPEED_TO_RADIO, 28.0f*GRIGGER_SPEED_TO_RADIO, 40.0f*GRIGGER_SPEED_TO_RADIO};
..\application\referee_control.c(61): warning:  #1035-D: single-precision operand implicitly converted to double-precision
  fp32 shoot_grigger_grade[6] = {0, 5.0f*GRIGGER_SPEED_TO_RADIO, 10.0f*GRIGGER_SPEED_TO_RADIO, 15.0f*GRIGGER_SPEED_TO_RADIO, 28.0f*GRIGGER_SPEED_TO_RADIO, 40.0f*GRIGGER_SPEED_TO_RADIO};
..\application\referee_control.c(217): warning:  #1-D: last line of file ends without a newline
  }
..\application\referee_control.c: 8 warnings, 0 errors
compiling INS_task.c...
..\application\INS_task.c(181): warning:  #223-D: function "gimbal_cmd_to_chassis_stop" declared implicitly
      while(gimbal_cmd_to_chassis_stop())
..\application\INS_task.c: 1 warning, 0 errors
compiling referee.c...
compiling test_task.c...
compiling referee_usart_task.c...
compiling usb_task.c...
compiling voltage_task.c...
compiling led_flow_task.c...
compiling servo_task.c...
..\application\CAN_receive.h(129): warning:  #1295-D: Deprecated declaration get_chassis_motor_measure_point - give arg types
  extern const motor_measure_t *get_chassis_motor_measure_point();
..\application\gimbal_task.h(364): warning:  #1295-D: Deprecated declaration software_reset - give arg types
  extern void software_reset();
..\application\servo_task.c: 2 warnings, 0 errors
compiling vision.c...
..\application\vision.h(146): warning:  #1295-D: Deprecated declaration vision_if_find_target - give arg types
  bool_t vision_if_find_target();
..\application\vision.h(150): warning:  #1-D: last line of file ends without a newline
  #endif
..\application\vision.c(43): warning:  #223-D: function "usart1_init" declared implicitly
      usart1_init(Vision_Buffer[0], Vision_Buffer[1], VISION_BUFFER_LEN);
..\application\vision.c(66): warning:  #223-D: function "memcpy" declared implicitly
  		memcpy( &VisionRecvData, ReadFormUart, VISION_LEN_PACKED);	
..\application\vision.c(76): warning:  #223-D: function "xTaskGetTickCount" declared implicitly
  		Vision_Time_Test[NOW] = xTaskGetTickCount();
..\application\vision.c(113): warning:  #223-D: function "memcpy" declared implicitly
  	memcpy(vision_send_pack, &VisionSendData, 4);
..\application\vision.c(120): warning:  #223-D: function "memset" declared implicitly
  	memset(vision_send_pack, 0, 50);
..\application\vision.c(100): warning:  #177-D: variable "i"  was declared but never referenced
  	int i;    //å¾ªçŽ¯å‘é€æ¬¡æ•?
..\application\vision.c(101): warning:  #177-D: variable "id1_17mm_speed_limit"  was declared but never referenced
  	uint16_t id1_17mm_speed_limit;
..\application\vision.c(102): warning:  #177-D: variable "bullet_speed"  was declared but never referenced
  	uint16_t bullet_speed;
..\application\vision.c(196): warning:  #223-D: function "memset" declared implicitly
              memset(Vision_Buffer[0], 0, 200);    
..\application\vision.c(208): warning:  #223-D: function "memset" declared implicitly
  			memset(Vision_Buffer[1], 0, 200);    //å¯¹è±¡   å†…å®¹  é•¿åº¦
..\application\vision.c(185): warning:  #550-D: variable "this_time_rx_len"  was set but never used
          static uint16_t this_time_rx_len = 0;
..\application\vision.c(215): warning:  #1-D: last line of file ends without a newline
    
..\application\vision.c: 14 warnings, 0 errors
compiling RM_Cilent_UI.c...
compiling ist8310driver.c...
compiling ui_task.c...
..\application\CAN_Receive.h(129): warning:  #1295-D: Deprecated declaration get_chassis_motor_measure_point - give arg types
  extern const motor_measure_t *get_chassis_motor_measure_point();
..\application\ui_task.c(16): warning:  #47-D: incompatible redefinition of macro "PI"  (declared at line 23 of "..\application\struct_typedef.h")
  #define PI 3.1415926
..\application\ui_task.c(42): warning:  #223-D: function "vTaskDelay" declared implicitly
  		vTaskDelay(1000);
..\application\ui_task.c(73): warning:  #223-D: function "sin" declared implicitly
  		Circle_Draw(&G8,"007",UI_Graph_ADD,8,UI_Color_Green,3,960+(int)340*sin((angle)*2*PI/360.0),540+(int)340*cos((angle)*2*PI/360.0),50);
..\application\ui_task.c(73): warning:  #223-D: function "cos" declared implicitly
  		Circle_Draw(&G8,"007",UI_Graph_ADD,8,UI_Color_Green,3,960+(int)340*sin((angle)*2*PI/360.0),540+(int)340*cos((angle)*2*PI/360.0),50);
..\application\ui_task.c: 5 warnings, 0 errors
compiling remote_control.c...
compiling shoot_task.c...
..\application\CAN_receive.h(129): warning:  #1295-D: Deprecated declaration get_chassis_motor_measure_point - give arg types
  extern const motor_measure_t *get_chassis_motor_measure_point();
..\application\gimbal_task.h(364): warning:  #1295-D: Deprecated declaration software_reset - give arg types
  extern void software_reset();
..\application\vision.h(146): warning:  #1295-D: Deprecated declaration vision_if_find_target - give arg types
  bool_t vision_if_find_target();
..\application\vision.h(150): warning:  #1-D: last line of file ends without a newline
  #endif
..\application\shoot_task.c(398): warning:  #223-D: function "abs" declared implicitly
         if(shoot_control->shoot_mode == SHOOT_READY_FRIC &&(abs(shoot_control->fric_motor[LEFT].fric_motor_measure->speed_rpm)>abs(shoot_control->fric_motor[LEFT].require_speed) || abs(shoot_control->fric_motor[RIGHT].fric_motor_measure->speed_rpm)>abs(shoot_control->fric_motor[RIGHT].require_speed)))
..\application\shoot_task.c(458): warning:  #223-D: function "abs" declared implicitly
          if(shoot_control->shoot_mode == SHOOT_READY_FRIC &&(abs(shoot_control->fric_motor[LEFT].fric_motor_measure->speed_rpm)>abs(shoot_control->fric_motor[LEFT].require_speed) || abs(shoot_control->fric_motor[RIGHT].fric_motor_measure->speed_rpm)>abs(shoot_control->fric_motor[RIGHT].require_speed)))
..\application\shoot_task.c(589): warning:  #1-D: last line of file ends without a newline
  }
..\application\shoot_task.c: 7 warnings, 0 errors
compiling OLED.c...
compiling BMI088Middleware.c...
compiling ist8310driver_middleware.c...
compiling BMI088driver.c...
compiling AHRS_middleware.c...
compiling CRC8_CRC16.c...
compiling user_lib.c...
compiling mem_mang4.c...
compiling fifo.c...
compiling stm32f4xx_hal_pcd.c...
compiling stm32f4xx_hal_flash.c...
compiling pid.c...
compiling stm32f4xx_hal_pcd_ex.c...
compiling stm32f4xx_hal_rcc_ex.c...
compiling stm32f4xx_hal_rcc.c...
compiling stm32f4xx_ll_usb.c...
compiling stm32f4xx_hal_flash_ramfunc.c...
compiling stm32f4xx_hal_gpio.c...
compiling stm32f4xx_hal_flash_ex.c...
compiling stm32f4xx_hal_pwr_ex.c...
compiling stm32f4xx_hal_pwr.c...
compiling stm32f4xx_hal_dma_ex.c...
compiling stm32f4xx_hal_dma.c...
compiling stm32f4xx_hal_cortex.c...
compiling stm32f4xx_hal.c...
compiling stm32f4xx_hal_exti.c...
compiling stm32f4xx_hal_crc.c...
compiling stm32f4xx_hal_adc.c...
compiling stm32f4xx_hal_adc_ex.c...
compiling stm32f4xx_hal_can.c...
compiling stm32f4xx_hal_i2c.c...
compiling croutine.c...
compiling event_groups.c...
compiling stm32f4xx_hal_i2c_ex.c...
compiling list.c...
compiling tasks.c...
compiling stream_buffer.c...
compiling stm32f4xx_hal_uart.c...
compiling stm32f4xx_hal_rng.c...
compiling stm32f4xx_hal_rtc_ex.c...
compiling stm32f4xx_hal_tim_ex.c...
compiling stm32f4xx_hal_spi.c...
compiling stm32f4xx_hal_rtc.c...
compiling queue.c...
compiling stm32f4xx_hal_tim.c...
compiling timers.c...
compiling heap_4.c...
compiling port.c...
compiling cmsis_os.c...
compiling usbd_core.c...
compiling usbd_ctlreq.c...
compiling usbd_ioreq.c...
compiling usbd_cdc.c...
linking...
Program Size: Code=87004 RO-data=3732 RW-data=908 ZI-data=51724  
FromELF: creating hex file...
"standard_tpye_c\standard_tpye_c.axf" - 0 Error(s), 69 Warning(s).

<h2>Software Packages used:</h2>

Package Vendor: ARM
                http://www.keil.com/pack/ARM.CMSIS.5.8.0.pack
                ARM.CMSIS.5.8.0
                CMSIS (Common Microcontroller Software Interface Standard)
   * Component: CORE Version: 5.5.0

Package Vendor: Keil
                http://www.keil.com/pack/Keil.STM32F4xx_DFP.2.16.0.pack
                Keil.STM32F4xx_DFP.2.16.0
                STMicroelectronics STM32F4 Series Device Support, Drivers and Examples

<h2>Collection of Component include folders:</h2>
  .\RTE\_standard_robot
  D:\Users\lenovo\AppData\Local\Arm\Packs\ARM\CMSIS\5.8.0\CMSIS\Core\Include
  D:\Users\lenovo\AppData\Local\Arm\Packs\Keil\STM32F4xx_DFP\2.16.0\Drivers\CMSIS\Device\ST\STM32F4xx\Include

<h2>Collection of Component Files used:</h2>

   * Component: ARM::CMSIS:CORE:5.5.0
Build Time Elapsed:  00:00:09
</pre>
</body>
</html>
